// Jest Snapshot v1, https://goo.gl/fbAQLP

exports[`reducer() @@init 1`] = `
"Snapshot Diff:
- First value
+ Second value

- Object {}
+ Object {
+   \\"request\\": null,
+ }"
`;

exports[`reducer() TIMESHEET_PC/UI/DAILY_REQUEST/REQUESTS/OVERTIME_WORK_REQUEST/INITIALIZE 1`] = `
"Snapshot Diff:
- First value
+ Second value

  Object {
-   \\"request\\": null,
+   \\"request\\": Object {
+     \\"approver01Name\\": \\"\\",
+     \\"directApplyRestTimes\\": Array [],
+     \\"endDate\\": \\"\\",
+     \\"endTime\\": null,
+     \\"id\\": \\"\\",
+     \\"isForReapply\\": false,
+     \\"leaveCode\\": \\"\\",
+     \\"leaveName\\": \\"\\",
+     \\"leaveRange\\": null,
+     \\"leaveType\\": null,
+     \\"originalRequestId\\": \\"\\",
+     \\"patternCode\\": null,
+     \\"patternName\\": null,
+     \\"patternRestTimes\\": Array [],
+     \\"reason\\": \\"\\",
+     \\"remarks\\": \\"\\",
+     \\"requestTypeCode\\": \\"OvertimeWork\\",
+     \\"requestTypeName\\": \\"残業\\",
+     \\"requireReason\\": false,
+     \\"startDate\\": \\"2020-04-07\\",
+     \\"startTime\\": 1080,
+     \\"status\\": \\"NotRequested\\",
+     \\"substituteDate\\": \\"\\",
+     \\"substituteLeaveType\\": null,
+     \\"type\\": \\"OvertimeWork\\",
+   },
  }"
`;

exports[`reducer() TIMESHEET_PC/UI/DAILY_REQUEST/REQUESTS/OVERTIME_WORK_REQUEST/UPDATE 1`] = `
"Snapshot Diff:
- First value
+ Second value

@@ -12,11 +12,11 @@
      \\"leaveType\\": null,
      \\"originalRequestId\\": \\"\\",
      \\"patternCode\\": null,
      \\"patternName\\": null,
      \\"patternRestTimes\\": Array [],
-     \\"reason\\": \\"\\",
+     \\"reason\\": \\"testですtestです。\\",
      \\"remarks\\": \\"\\",
      \\"requestTypeCode\\": \\"OvertimeWork\\",
      \\"requestTypeName\\": \\"残業\\",
      \\"requireReason\\": false,
      \\"startDate\\": \\"2020-04-07\\","
`;
