// Jest Snapshot v1, https://goo.gl/fbAQLP

exports[`reducer() @@init 1`] = `
"Snapshot Diff:
- First value
+ Second value

- Object {}
+ Object {
+   \\"expReport\\": Object {
+     \\"accountingDate\\": \\"\\",
+     \\"accountingPeriodId\\": null,
+     \\"attachedFileList\\": Array [],
+     \\"costCenterCode\\": \\"\\",
+     \\"costCenterHistoryId\\": null,
+     \\"costCenterName\\": \\"\\",
+     \\"customRequestId\\": null,
+     \\"customRequestName\\": \\"\\",
+     \\"expReportTypeId\\": null,
+     \\"extendedItemDate01Id\\": null,
+     \\"extendedItemDate01Info\\": null,
+     \\"extendedItemDate01Value\\": null,
+     \\"extendedItemDate02Id\\": null,
+     \\"extendedItemDate02Info\\": null,
+     \\"extendedItemDate02Value\\": null,
+     \\"extendedItemDate03Id\\": null,
+     \\"extendedItemDate03Info\\": null,
+     \\"extendedItemDate03Value\\": null,
+     \\"extendedItemDate04Id\\": null,
+     \\"extendedItemDate04Info\\": null,
+     \\"extendedItemDate04Value\\": null,
+     \\"extendedItemDate05Id\\": null,
+     \\"extendedItemDate05Info\\": null,
+     \\"extendedItemDate05Value\\": null,
+     \\"extendedItemDate06Id\\": null,
+     \\"extendedItemDate06Info\\": null,
+     \\"extendedItemDate06Value\\": null,
+     \\"extendedItemDate07Id\\": null,
+     \\"extendedItemDate07Info\\": null,
+     \\"extendedItemDate07Value\\": null,
+     \\"extendedItemDate08Id\\": null,
+     \\"extendedItemDate08Info\\": null,
+     \\"extendedItemDate08Value\\": null,
+     \\"extendedItemDate09Id\\": null,
+     \\"extendedItemDate09Info\\": null,
+     \\"extendedItemDate09Value\\": null,
+     \\"extendedItemDate10Id\\": null,
+     \\"extendedItemDate10Info\\": null,
+     \\"extendedItemDate10Value\\": null,
+     \\"extendedItemLookup01Id\\": null,
+     \\"extendedItemLookup01Info\\": null,
+     \\"extendedItemLookup01SelectedOptionName\\": null,
+     \\"extendedItemLookup01Value\\": null,
+     \\"extendedItemLookup02Id\\": null,
+     \\"extendedItemLookup02Info\\": null,
+     \\"extendedItemLookup02SelectedOptionName\\": null,
+     \\"extendedItemLookup02Value\\": null,
+     \\"extendedItemLookup03Id\\": null,
+     \\"extendedItemLookup03Info\\": null,
+     \\"extendedItemLookup03SelectedOptionName\\": null,
+     \\"extendedItemLookup03Value\\": null,
+     \\"extendedItemLookup04Id\\": null,
+     \\"extendedItemLookup04Info\\": null,
+     \\"extendedItemLookup04SelectedOptionName\\": null,
+     \\"extendedItemLookup04Value\\": null,
+     \\"extendedItemLookup05Id\\": null,
+     \\"extendedItemLookup05Info\\": null,
+     \\"extendedItemLookup05SelectedOptionName\\": null,
+     \\"extendedItemLookup05Value\\": null,
+     \\"extendedItemLookup06Id\\": null,
+     \\"extendedItemLookup06Info\\": null,
+     \\"extendedItemLookup06SelectedOptionName\\": null,
+     \\"extendedItemLookup06Value\\": null,
+     \\"extendedItemLookup07Id\\": null,
+     \\"extendedItemLookup07Info\\": null,
+     \\"extendedItemLookup07SelectedOptionName\\": null,
+     \\"extendedItemLookup07Value\\": null,
+     \\"extendedItemLookup08Id\\": null,
+     \\"extendedItemLookup08Info\\": null,
+     \\"extendedItemLookup08SelectedOptionName\\": null,
+     \\"extendedItemLookup08Value\\": null,
+     \\"extendedItemLookup09Id\\": null,
+     \\"extendedItemLookup09Info\\": null,
+     \\"extendedItemLookup09SelectedOptionName\\": null,
+     \\"extendedItemLookup09Value\\": null,
+     \\"extendedItemLookup10Id\\": null,
+     \\"extendedItemLookup10Info\\": null,
+     \\"extendedItemLookup10SelectedOptionName\\": null,
+     \\"extendedItemLookup10Value\\": null,
+     \\"extendedItemPicklist01Id\\": null,
+     \\"extendedItemPicklist01Info\\": null,
+     \\"extendedItemPicklist01Value\\": null,
+     \\"extendedItemPicklist02Id\\": null,
+     \\"extendedItemPicklist02Info\\": null,
+     \\"extendedItemPicklist02Value\\": null,
+     \\"extendedItemPicklist03Id\\": null,
+     \\"extendedItemPicklist03Info\\": null,
+     \\"extendedItemPicklist03Value\\": null,
+     \\"extendedItemPicklist04Id\\": null,
+     \\"extendedItemPicklist04Info\\": null,
+     \\"extendedItemPicklist04Value\\": null,
+     \\"extendedItemPicklist05Id\\": null,
+     \\"extendedItemPicklist05Info\\": null,
+     \\"extendedItemPicklist05Value\\": null,
+     \\"extendedItemPicklist06Id\\": null,
+     \\"extendedItemPicklist06Info\\": null,
+     \\"extendedItemPicklist06Value\\": null,
+     \\"extendedItemPicklist07Id\\": null,
+     \\"extendedItemPicklist07Info\\": null,
+     \\"extendedItemPicklist07Value\\": null,
+     \\"extendedItemPicklist08Id\\": null,
+     \\"extendedItemPicklist08Info\\": null,
+     \\"extendedItemPicklist08Value\\": null,
+     \\"extendedItemPicklist09Id\\": null,
+     \\"extendedItemPicklist09Info\\": null,
+     \\"extendedItemPicklist09Value\\": null,
+     \\"extendedItemPicklist10Id\\": null,
+     \\"extendedItemPicklist10Info\\": null,
+     \\"extendedItemPicklist10Value\\": null,
+     \\"extendedItemText01Id\\": null,
+     \\"extendedItemText01Info\\": null,
+     \\"extendedItemText01Value\\": null,
+     \\"extendedItemText02Id\\": null,
+     \\"extendedItemText02Info\\": null,
+     \\"extendedItemText02Value\\": null,
+     \\"extendedItemText03Id\\": null,
+     \\"extendedItemText03Info\\": null,
+     \\"extendedItemText03Value\\": null,
+     \\"extendedItemText04Id\\": null,
+     \\"extendedItemText04Info\\": null,
+     \\"extendedItemText04Value\\": null,
+     \\"extendedItemText05Id\\": null,
+     \\"extendedItemText05Info\\": null,
+     \\"extendedItemText05Value\\": null,
+     \\"extendedItemText06Id\\": null,
+     \\"extendedItemText06Info\\": null,
+     \\"extendedItemText06Value\\": null,
+     \\"extendedItemText07Id\\": null,
+     \\"extendedItemText07Info\\": null,
+     \\"extendedItemText07Value\\": null,
+     \\"extendedItemText08Id\\": null,
+     \\"extendedItemText08Info\\": null,
+     \\"extendedItemText08Value\\": null,
+     \\"extendedItemText09Id\\": null,
+     \\"extendedItemText09Info\\": null,
+     \\"extendedItemText09Value\\": null,
+     \\"extendedItemText10Id\\": null,
+     \\"extendedItemText10Info\\": null,
+     \\"extendedItemText10Value\\": null,
+     \\"jobCode\\": \\"\\",
+     \\"jobId\\": null,
+     \\"jobName\\": \\"\\",
+     \\"paymentDueDate\\": \\"\\",
+     \\"paymentDueDateUsage\\": null,
+     \\"purpose\\": \\"\\",
+     \\"records\\": Array [],
+     \\"remarks\\": \\"\\",
+     \\"reportId\\": null,
+     \\"requestId\\": null,
+     \\"subject\\": \\"\\",
+     \\"subroleId\\": undefined,
+     \\"totalAmount\\": 0,
+     \\"useFileAttachment\\": false,
+     \\"vendorCode\\": \\"\\",
+     \\"vendorId\\": null,
+     \\"vendorName\\": \\"\\",
+   },
+   \\"expReportList\\": Array [],
+ }"
`;

exports[`reducer() MODULES/ENTITIES/EXP/REPORT/LIST_SUCCESS 1`] = `
"Snapshot Diff:
Compared values have no visual difference."
`;
