// Jest Snapshot v1, https://goo.gl/fbAQLP

exports[`ProjectDetailFormContainer Test it renders without crashing 1`] = `
<div
  className="ts-psa__project"
>
  <div
    className="ts-psa__common-header"
  >
    <div
      className="ts-psa__common-header-left"
    >
      <span
        className="ts-psa__common-header-breadcrumb"
      />
      <span
        className="ts-psa__common-header-title"
      >
        Project Details
      </span>
    </div>
    <div
      className="ts-psa__common-header__btn-area"
    >
      <button
        className="ts-psa__project__btn--delete ts-button ts-button--default"
        data-testid="ts-psa__project__btn--delete"
        disabled={false}
        onClick={[Function]}
        type="button"
        value=""
      >
        <div
          className="ts-button__contents"
        >
          <span
            className="ts-button__text"
          >
            Delete Project
          </span>
        </div>
      </button>
      <button
        className="ts-psa__project__btn--cancel ts-button ts-button--default"
        data-test-id="ts-psa__project__btn--cancel"
        disabled={true}
        onClick={[Function]}
        type="button"
        value=""
      >
        <div
          className="ts-button__contents"
        >
          <span
            className="ts-button__text"
          >
            Cancel
          </span>
        </div>
      </button>
      <button
        className="ts-psa__project__btn--save ts-button ts-button--primary"
        data-test-id="ts-psa__project__btn--save"
        disabled={true}
        onClick={[Function]}
        type="button"
        value=""
      >
        <div
          className="ts-button__contents"
        >
          <span
            className="ts-button__text"
          >
            Save
          </span>
        </div>
      </button>
    </div>
  </div>
  <div
    className="ts-psa__project__content"
  >
    <div
      className="ts-psa__project-form"
    >
      <section
        className="ts-psa__project-form__base"
      >
        <h3
          className="ts-psa__project-form__title"
        >
          Base Info
        </h3>
        <div
          className="ts-psa__form-field  "
          data-testid="ts-psa__project-form__base__code"
        >
          <div
            className="ts-psa__form-field__label"
          >
            <span
              className="is-required"
            >
              *
            </span>
             
            {$Psa_Clbl_ProjectCode}
          </div>
          <input
            className="ts-text-field slds-input"
            disabled={true}
            onBlur={[Function]}
            onChange={[Function]}
            onFocus={[Function]}
            onKeyDown={[Function]}
            placeholder={null}
            readOnly={false}
            type="text"
            value=""
          />
        </div>
        <div
          className="ts-psa__form-field  "
          data-testid="ts-psa__project-form__base__name"
        >
          <div
            className="ts-psa__form-field__label"
          >
            <span
              className="is-required"
            >
              *
            </span>
             
            Project Title
          </div>
          <input
            className="ts-text-field slds-input"
            disabled={true}
            onBlur={[Function]}
            onChange={[Function]}
            onFocus={[Function]}
            onKeyDown={[Function]}
            placeholder={null}
            readOnly={false}
            type="text"
            value=""
          />
        </div>
        <div
          className="ts-psa__form-field ts-psa__project-form__base__desc "
          data-testid="ts-psa__project-form__base__description"
        >
          <div
            className="ts-psa__form-field__label"
          >
             
            Description
          </div>
          <textarea
            className="ts-textarea-field slds-input"
            disabled={true}
            onBlur={[Function]}
            onChange={[Function]}
            onFocus={[Function]}
            onKeyDown={[Function]}
            value=""
          />
        </div>
        <div
          className="ts-psa__form-field  "
          data-testid="ts-psa__project-form__base__pm"
        >
          <div
            className="ts-psa__form-field__label"
          >
            <span
              className="is-required"
            >
              *
            </span>
             
            Project Manager
          </div>
          <div
            aria-expanded={false}
            aria-haspopup="listbox"
            aria-owns="react-autowhatever-1"
            className="react-autosuggest__container"
            role="combobox"
          >
            <div>
              <input
                aria-activedescendant={null}
                aria-autocomplete="list"
                aria-controls="react-autowhatever-1"
                autoComplete="off"
                className="ts-text-field slds-input"
                disabled={true}
                onBlur={[Function]}
                onChange={[Function]}
                onFocus={[Function]}
                onKeyDown={[Function]}
                readOnly={false}
                type="text"
                value="undefined"
              />
            </div>
            <div
              className="react-autosuggest__suggestions-container"
              id="react-autowhatever-1"
              role="listbox"
            />
          </div>
        </div>
        <div
          className="ts-psa__form-field  "
          data-testid="ts-psa__project-form__base__project-client"
        >
          <div
            className="ts-psa__form-field__label"
          >
             
            Client
            <div
              className="commons-tooltip "
              id="commons-tooltip"
            >
              <div
                className="slds-tooltip-trigger"
                style={
                  Object {
                    "display": "block",
                  }
                }
              >
                <test-file-stub
                  aria-describedby="ts-psa__form-field__tooltip"
                  onBlur={[Function]}
                  onFocus={[Function]}
                  onMouseEnter={[Function]}
                  onMouseLeave={[Function]}
                  style={Object {}}
                  tabIndex={0}
                />
                <span />
              </div>
            </div>
          </div>
          <div
            aria-expanded={false}
            aria-haspopup="listbox"
            aria-owns="react-autowhatever-1"
            className="react-autosuggest__container"
            role="combobox"
          >
            <div>
              <input
                aria-activedescendant={null}
                aria-autocomplete="list"
                aria-controls="react-autowhatever-1"
                autoComplete="off"
                className="ts-text-field slds-input"
                disabled={true}
                onBlur={[Function]}
                onChange={[Function]}
                onFocus={[Function]}
                onKeyDown={[Function]}
                placeholder="Search Project Client"
                readOnly={false}
                type="text"
                value=""
              />
            </div>
            <div
              className="react-autosuggest__suggestions-container"
              id="react-autowhatever-1"
              role="listbox"
            />
          </div>
        </div>
        <div
          className="ts-psa__form-field  "
          data-testid="ts-psa__project-form__base__project-department"
        >
          <div
            className="ts-psa__form-field__label"
          >
             
            Project Department
          </div>
          <div
            aria-expanded={false}
            aria-haspopup="listbox"
            aria-owns="react-autowhatever-1"
            className="react-autosuggest__container"
            role="combobox"
          >
            <div>
              <input
                aria-activedescendant={null}
                aria-autocomplete="list"
                aria-controls="react-autowhatever-1"
                autoComplete="off"
                className="ts-text-field slds-input"
                disabled={true}
                onBlur={[Function]}
                onChange={[Function]}
                onFocus={[Function]}
                onKeyDown={[Function]}
                placeholder="Search Project Department"
                readOnly={false}
                type="text"
                value=""
              />
            </div>
            <div
              className="react-autosuggest__suggestions-container"
              id="react-autowhatever-1"
              role="listbox"
            />
          </div>
        </div>
        <div
          className="ts-psa__form-field  "
          data-testid="ts-psa__project-form__base__rg"
        >
          <div
            className="ts-psa__form-field__label"
          >
             
            Resource Group
          </div>
          <div
            className="ts-Resource-group-filter"
          >
            <div
              className="ts-Resource-group-filter__selection"
            >
              <div
                className="ts-Resource-group-filter__selection-button"
              >
                <test-file-stub
                  className="ts-Resource-group-filter__selection-button__icon__action"
                />
                <div
                  onClick={[Function]}
                >
                  <span
                    className="ts-Resource-group-filter__selection-button__name__action"
                  >
                    Select Resource Group
                  </span>
                </div>
              </div>
              <div
                className="ts-Resource-group-filter__selection-list"
              />
            </div>
          </div>
        </div>
        <div
          className="ts-psa__form-field  "
          data-testid="ts-psa__project-form__base__work-hours"
        >
          <div
            className="ts-psa__form-field__label"
          >
            <span
              className="is-required"
            >
              *
            </span>
             
            Work Hours Per Day
          </div>
          <input
            className="ts-text-field slds-input"
            disabled={true}
            onBlur={[Function]}
            onChange={[Function]}
            onFocus={[Function]}
            onKeyDown={[Function]}
            placeholder={null}
            readOnly={false}
            type="tel"
            value="0"
          />
        </div>
        <div
          className="ts-psa__form-field ts-psa__project-form__base__date "
        >
          <div
            className="ts-psa__form-field__label"
          >
             
            Project Duration
          </div>
          <div
            className="ts-psa__date-field__container"
          >
            <div
              className="commons-fields-date-field"
              data-testid=""
            >
              <div>
                <div
                  className="react-datepicker-wrapper"
                >
                  <div
                    className="react-datepicker__input-container"
                  >
                    <input
                      className="slds-input"
                      disabled={true}
                      onBlur={[Function]}
                      onChange={[Function]}
                      onClick={[Function]}
                      onFocus={[Function]}
                      onKeyDown={[Function]}
                      placeholder="Start Date"
                      readOnly={false}
                      required={false}
                      type="text"
                      value=""
                    />
                  </div>
                </div>
              </div>
            </div>
            <div
              className="ts-psa__date-field__calendar-icon-wrapper"
            >
              <test-file-stub
                className="ts-psa__date-field__calendar-icon-body"
              />
            </div>
          </div>
          <span
            className="separator"
          >
            -
          </span>
          <div
            className="ts-psa__date-field__container"
          >
            <div
              className="commons-fields-date-field"
              data-testid=""
            >
              <div>
                <div
                  className="react-datepicker-wrapper"
                >
                  <div
                    className="react-datepicker__input-container"
                  >
                    <input
                      className="slds-input"
                      disabled={true}
                      onBlur={[Function]}
                      onChange={[Function]}
                      onClick={[Function]}
                      onFocus={[Function]}
                      onKeyDown={[Function]}
                      placeholder="End Date"
                      readOnly={false}
                      required={false}
                      type="text"
                      value=""
                    />
                  </div>
                </div>
              </div>
            </div>
            <div
              className="ts-psa__date-field__calendar-icon-wrapper"
            >
              <test-file-stub
                className="ts-psa__date-field__calendar-icon-body"
              />
            </div>
          </div>
        </div>
        <div
          className="ts-psa__form-field  "
          data-testid="ts-psa__project-form__base__status"
        >
          <div
            className="ts-psa__form-field__label"
          >
             
            Status
          </div>
          <select
            className="slds-select ts-select"
            disabled={false}
            id=""
            multiple={false}
            onChange={[Function]}
            required={false}
            size={0}
            value=""
          >
            <option
              disabled={null}
              value="Planning"
            >
              Planning
            </option>
            <option
              disabled={null}
              value="InProgress"
            >
              In Progress
            </option>
            <option
              disabled={null}
              value="Completed"
            >
              Completed
            </option>
            <option
              disabled={null}
              value="Cancelled"
            >
              Cancelled
            </option>
          </select>
        </div>
        <div
          className="ts-psa__form-field ts-psa__project-form__base__calendar "
          data-testid="ts-psa__project-form__base__calendar"
        >
          <div
            className="ts-psa__form-field__label"
          >
             
            Calendar
          </div>
          <select
            className="slds-select ts-select ts-psa__project-form__base__calendar-contents"
            disabled={true}
            id=""
            multiple={false}
            onChange={[Function]}
            required={false}
            size={0}
            value=""
          />
        </div>
        <div
          className="ts-psa__form-field ts-psa__project-form__base__workingdays "
          data-testid="ts-psa__project-form__base__working-days"
        >
          <div
            className="ts-psa__form-field__label"
          >
             
            Project Working Days
          </div>
          <div
            className="ts-psa__project-form__base__workingdays-contents"
          >
            <label
              className="ts-psa__project-form__base__workingdays-label"
              htmlFor="workingDaySUN"
            >
              <input
                checked={false}
                className="ts-psa__project-form__base__workingdays-checkbox"
                disabled={true}
                id="workingDaySUN"
                onChange={[Function]}
                type="checkbox"
                value={false}
              />
              <span
                className="ts-psa__project-form__base__workingdays-text"
              >
                Sun
              </span>
            </label>
            <label
              className="ts-psa__project-form__base__workingdays-label"
              htmlFor="workingDayMON"
            >
              <input
                checked={false}
                className="ts-psa__project-form__base__workingdays-checkbox"
                disabled={true}
                id="workingDayMON"
                onChange={[Function]}
                type="checkbox"
                value={false}
              />
              <span
                className="ts-psa__project-form__base__workingdays-text"
              >
                Mon
              </span>
            </label>
            <label
              className="ts-psa__project-form__base__workingdays-label"
              htmlFor="workingDayTUE"
            >
              <input
                checked={false}
                className="ts-psa__project-form__base__workingdays-checkbox"
                disabled={true}
                id="workingDayTUE"
                onChange={[Function]}
                type="checkbox"
                value={false}
              />
              <span
                className="ts-psa__project-form__base__workingdays-text"
              >
                Tue
              </span>
            </label>
            <label
              className="ts-psa__project-form__base__workingdays-label"
              htmlFor="workingDayWED"
            >
              <input
                checked={false}
                className="ts-psa__project-form__base__workingdays-checkbox"
                disabled={true}
                id="workingDayWED"
                onChange={[Function]}
                type="checkbox"
                value={false}
              />
              <span
                className="ts-psa__project-form__base__workingdays-text"
              >
                Wed
              </span>
            </label>
            <label
              className="ts-psa__project-form__base__workingdays-label"
              htmlFor="workingDayTHU"
            >
              <input
                checked={false}
                className="ts-psa__project-form__base__workingdays-checkbox"
                disabled={true}
                id="workingDayTHU"
                onChange={[Function]}
                type="checkbox"
                value={false}
              />
              <span
                className="ts-psa__project-form__base__workingdays-text"
              >
                Thu
              </span>
            </label>
            <label
              className="ts-psa__project-form__base__workingdays-label"
              htmlFor="workingDayFRI"
            >
              <input
                checked={false}
                className="ts-psa__project-form__base__workingdays-checkbox"
                disabled={true}
                id="workingDayFRI"
                onChange={[Function]}
                type="checkbox"
                value={false}
              />
              <span
                className="ts-psa__project-form__base__workingdays-text"
              >
                Fri
              </span>
            </label>
            <label
              className="ts-psa__project-form__base__workingdays-label"
              htmlFor="workingDaySAT"
            >
              <input
                checked={false}
                className="ts-psa__project-form__base__workingdays-checkbox"
                disabled={true}
                id="workingDaySAT"
                onChange={[Function]}
                type="checkbox"
                value={false}
              />
              <span
                className="ts-psa__project-form__base__workingdays-text"
              >
                Sat
              </span>
            </label>
          </div>
        </div>
        <div />
      </section>
      <section
        className="ts-psa__project-form__client"
      >
        <h3
          className="ts-psa__project-form__title"
        >
          Client Info
        </h3>
        <div
          className="ts-psa__form-field  "
        >
          <div
            className="ts-psa__form-field__label"
          >
             
            Client (Salesforce Account)
          </div>
          <input
            className="ts-text-field slds-input"
            disabled={false}
            onBlur={[Function]}
            onChange={[Function]}
            onFocus={[Function]}
            onKeyDown={[Function]}
            placeholder={null}
            readOnly={false}
            type="text"
            value=""
          />
        </div>
        <div
          className="ts-psa__form-field  "
        >
          <div
            className="ts-psa__form-field__label"
          >
             
            Opportunity (Salesforce Account)
          </div>
          <input
            className="ts-text-field slds-input"
            disabled={false}
            onBlur={[Function]}
            onChange={[Function]}
            onFocus={[Function]}
            onKeyDown={[Function]}
            placeholder={null}
            readOnly={false}
            type="text"
            value=""
          />
        </div>
        <div
          className="ts-psa__form-field  "
        >
          <div
            className="ts-psa__form-field__label"
          >
             
            Client Person in Charge (Salesforce Contact)
          </div>
          <input
            className="ts-text-field slds-input"
            disabled={false}
            onBlur={[Function]}
            onChange={[Function]}
            onFocus={[Function]}
            onKeyDown={[Function]}
            placeholder={null}
            readOnly={false}
            type="text"
            value=""
          />
        </div>
        <div
          className="ts-psa__form-field  "
        >
          <div
            className="ts-psa__form-field__label"
          >
             
            Contract Type
          </div>
          <select
            className="slds-select ts-select"
            disabled={false}
            id=""
            multiple={false}
            onChange={[Function]}
            required={false}
            size={0}
            value=""
          >
            <option
              disabled={null}
              value="flex"
            >
              Flex
            </option>
            <option
              disabled={null}
              value="permanent"
            >
              Permanent
            </option>
          </select>
        </div>
      </section>
      <section
        className="ts-psa__project-form__finance"
      >
        <h3
          className="ts-psa__project-form__title"
        >
          Financial Info
        </h3>
        <p
          className="ts-psa__project-form__finance__subtitle"
        >
          Target Revenue
        </p>
        <div
          className="ts-psa__form-field  "
        >
          <div
            className="ts-psa__form-field__label"
          >
             
            Target Revenue
          </div>
          <input
            className="ts-text-field slds-input"
            disabled={false}
            onBlur={[Function]}
            onChange={[Function]}
            onFocus={[Function]}
            onKeyDown={[Function]}
            placeholder={null}
            readOnly={false}
            type="text"
            value=""
          />
        </div>
        <div
          className="ts-psa__form-field  "
        >
          <div
            className="ts-psa__form-field__label"
          >
             
            Target Margin
          </div>
          <input
            className="ts-text-field slds-input"
            disabled={false}
            onBlur={[Function]}
            onChange={[Function]}
            onFocus={[Function]}
            onKeyDown={[Function]}
            placeholder={null}
            readOnly={false}
            type="text"
            value=""
          />
        </div>
        <div
          className="ts-psa__form-field  "
        >
          <div
            className="ts-psa__form-field__label"
          >
             
            Target Cost
          </div>
          <input
            className="ts-text-field slds-input"
            disabled={false}
            onBlur={[Function]}
            onChange={[Function]}
            onFocus={[Function]}
            onKeyDown={[Function]}
            placeholder={null}
            readOnly={false}
            type="text"
            value=""
          />
        </div>
        <p
          className="ts-psa__project-form__finance__subtitle"
        >
          Target Revenue
        </p>
        <div
          className="ts-psa__form-field  "
        >
          <div
            className="ts-psa__form-field__label"
          >
             
            Planned Revenue
          </div>
          <input
            className="ts-text-field slds-input"
            disabled={false}
            onBlur={[Function]}
            onChange={[Function]}
            onFocus={[Function]}
            onKeyDown={[Function]}
            placeholder={null}
            readOnly={false}
            type="text"
            value=""
          />
        </div>
        <div
          className="ts-psa__form-field  "
        >
          <div
            className="ts-psa__form-field__label"
          >
             
            Margin
          </div>
          <input
            className="ts-text-field slds-input"
            disabled={false}
            onBlur={[Function]}
            onChange={[Function]}
            onFocus={[Function]}
            onKeyDown={[Function]}
            placeholder={null}
            readOnly={false}
            type="text"
            value=""
          />
        </div>
        <div
          className="ts-psa__form-field  "
        >
          <div
            className="ts-psa__form-field__label"
          >
             
            Planned Cost
          </div>
          <input
            className="ts-text-field slds-input"
            disabled={false}
            onBlur={[Function]}
            onChange={[Function]}
            onFocus={[Function]}
            onKeyDown={[Function]}
            placeholder={null}
            readOnly={false}
            type="text"
            value=""
          />
        </div>
        <div
          className="ts-psa__form-field  "
        >
          <div
            className="ts-psa__form-field__label"
          >
             
            Man-Hour Revenue
          </div>
          <input
            className="ts-text-field slds-input"
            disabled={false}
            onBlur={[Function]}
            onChange={[Function]}
            onFocus={[Function]}
            onKeyDown={[Function]}
            placeholder={null}
            readOnly={false}
            type="text"
            value=""
          />
        </div>
        <div
          className="ts-psa__form-field  "
        >
          <div
            className="ts-psa__form-field__label"
          >
             
            Man-Hour Cost
          </div>
          <input
            className="ts-text-field slds-input"
            disabled={false}
            onBlur={[Function]}
            onChange={[Function]}
            onFocus={[Function]}
            onKeyDown={[Function]}
            placeholder={null}
            readOnly={false}
            type="text"
            value=""
          />
        </div>
      </section>
    </div>
  </div>
</div>
`;
