// Jest Snapshot v1, https://goo.gl/fbAQLP

exports[`admin-pc/action-dispatchers/working-type/detail.ts startEditingBase() 1`] = `
"Snapshot Diff:
- First value
+ Second value

- Array []
+ Array [
+   Object {
+     \\"payload\\": Object {
+       \\"code\\": \\"\\",
+       \\"companyId\\": \\"123\\",
+       \\"id\\": \\"\\",
+       \\"modifiedPeriodUnit\\": undefined,
+       \\"monthMark\\": undefined,
+       \\"payrollPeriod\\": undefined,
+       \\"startDayOfMonth\\": undefined,
+       \\"startDayOfWeek\\": undefined,
+       \\"startMonthOfYear\\": undefined,
+       \\"withoutCoreTime\\": undefined,
+       \\"workSystem\\": undefined,
+       \\"yearMark\\": undefined,
+     },
+     \\"type\\": \\"SET_EDIT_RECORD\\",
+   },
+   Object {
+     \\"payload\\": Object {
+       \\"allowToChangeApproverSelf\\": undefined,
+       \\"allowWorkDuringHalfDayLeave\\": undefined,
+       \\"amContractedWorkHours\\": undefined,
+       \\"amEndTime\\": undefined,
+       \\"amRest1EndTime\\": undefined,
+       \\"amRest1StartTime\\": undefined,
+       \\"amRest2EndTime\\": undefined,
+       \\"amRest2StartTime\\": undefined,
+       \\"amRest3EndTime\\": undefined,
+       \\"amRest3StartTime\\": undefined,
+       \\"amRest4EndTime\\": undefined,
+       \\"amRest4StartTime\\": undefined,
+       \\"amRest5EndTime\\": undefined,
+       \\"amRest5StartTime\\": undefined,
+       \\"amStartTime\\": undefined,
+       \\"annualPaidTimeLeaveMaximumDays\\": undefined,
+       \\"baseId\\": \\"abc\\",
+       \\"boundaryOfEndTime\\": undefined,
+       \\"boundaryOfStartTime\\": undefined,
+       \\"comment\\": \\"\\",
+       \\"compensatoryLeavePreRequestDays\\": undefined,
+       \\"compensatoryLeaveRanges\\": undefined,
+       \\"compensatoryLeaveThresholdAllDay\\": undefined,
+       \\"compensatoryLeaveThresholdHalfDay\\": undefined,
+       \\"compensatoryLeaveValidPeriod\\": undefined,
+       \\"compensatoryLeaveValidPeriodUnit\\": undefined,
+       \\"contractedWorkHours\\": undefined,
+       \\"deemedOvertimeHours\\": undefined,
+       \\"deemedWorkHours\\": undefined,
+       \\"defaultCommuteBackwardCount\\": undefined,
+       \\"defaultCommuteCount\\": undefined,
+       \\"defaultCommuteForwardCount\\": undefined,
+       \\"directApplyEndTime\\": undefined,
+       \\"directApplyRest1EndTime\\": undefined,
+       \\"directApplyRest1StartTime\\": undefined,
+       \\"directApplyRest2EndTime\\": undefined,
+       \\"directApplyRest2StartTime\\": undefined,
+       \\"directApplyRest3EndTime\\": undefined,
+       \\"directApplyRest3StartTime\\": undefined,
+       \\"directApplyRest4EndTime\\": undefined,
+       \\"directApplyRest4StartTime\\": undefined,
+       \\"directApplyRest5EndTime\\": undefined,
+       \\"directApplyRest5StartTime\\": undefined,
+       \\"directApplyStartTime\\": undefined,
+       \\"endOfNightWork\\": undefined,
+       \\"endOfTimeLeave\\": undefined,
+       \\"endTime\\": undefined,
+       \\"flexEndTime\\": undefined,
+       \\"flexStartTime\\": undefined,
+       \\"halfDayLeaveHours\\": undefined,
+       \\"id\\": \\"\\",
+       \\"isIncludeHolidayWorkInDeemedTime\\": undefined,
+       \\"isIncludeHolidayWorkInPlainTime\\": undefined,
+       \\"leaveCodeList\\": undefined,
+       \\"legalRestCheck1RequiredRestTime\\": undefined,
+       \\"legalRestCheck1WorkTimeThreshold\\": undefined,
+       \\"legalRestCheck2RequiredRestTime\\": undefined,
+       \\"legalRestCheck2WorkTimeThreshold\\": undefined,
+       \\"legalWorkTimeADay\\": undefined,
+       \\"legalWorkTimeAWeek\\": undefined,
+       \\"name\\": undefined,
+       \\"name_L0\\": undefined,
+       \\"name_L1\\": undefined,
+       \\"name_L2\\": undefined,
+       \\"offsetOvertimeAndDeductionTime\\": undefined,
+       \\"patternCodeList\\": undefined,
+       \\"pmContractedWorkHours\\": undefined,
+       \\"pmEndTime\\": undefined,
+       \\"pmRest1EndTime\\": undefined,
+       \\"pmRest1StartTime\\": undefined,
+       \\"pmRest2EndTime\\": undefined,
+       \\"pmRest2StartTime\\": undefined,
+       \\"pmRest3EndTime\\": undefined,
+       \\"pmRest3StartTime\\": undefined,
+       \\"pmRest4EndTime\\": undefined,
+       \\"pmRest4StartTime\\": undefined,
+       \\"pmRest5EndTime\\": undefined,
+       \\"pmRest5StartTime\\": undefined,
+       \\"pmStartTime\\": undefined,
+       \\"requireEarlyStartWorkApply\\": undefined,
+       \\"requireEarlyStartWorkApplyBefore\\": undefined,
+       \\"requireOvertimeWorkApply\\": undefined,
+       \\"requireOvertimeWorkApplyAfter\\": undefined,
+       \\"rest1EndTime\\": undefined,
+       \\"rest1StartTime\\": undefined,
+       \\"rest2EndTime\\": undefined,
+       \\"rest2StartTime\\": undefined,
+       \\"rest3EndTime\\": undefined,
+       \\"rest3StartTime\\": undefined,
+       \\"rest4EndTime\\": undefined,
+       \\"rest4StartTime\\": undefined,
+       \\"rest5EndTime\\": undefined,
+       \\"rest5StartTime\\": undefined,
+       \\"startOfNightWork\\": undefined,
+       \\"startOfTimeLeave\\": undefined,
+       \\"startTime\\": undefined,
+       \\"strictlyCommuteCountOnFixRequest\\": undefined,
+       \\"substituteLeaveCode\\": undefined,
+       \\"substituteLeaveValidFromPeriod\\": undefined,
+       \\"substituteLeaveValidFromPeriodUnit\\": undefined,
+       \\"substituteLeaveValidToPeriod\\": undefined,
+       \\"substituteLeaveValidToPeriodUnit\\": undefined,
+       \\"useAMHalfDayLeave\\": undefined,
+       \\"useAbsenceApply\\": undefined,
+       \\"useAnnualPaidTimeLeave\\": undefined,
+       \\"useCompensatoryLeave\\": undefined,
+       \\"useCompensatoryLeavePreRequest\\": undefined,
+       \\"useDirectApply\\": undefined,
+       \\"useEarlyLeaveApply\\": undefined,
+       \\"useEarlyStartWorkApply\\": undefined,
+       \\"useFixedContractedWorkingHours\\": undefined,
+       \\"useHalfDayCompensatoryLeaveGrant\\": undefined,
+       \\"useHalfDayLeave\\": undefined,
+       \\"useLateArrivalApply\\": undefined,
+       \\"useLegalRestCheck1\\": undefined,
+       \\"useLegalRestCheck2\\": undefined,
+       \\"useManageCommuteCount\\": undefined,
+       \\"useOtherTimeLeave\\": undefined,
+       \\"useOvertimeWorkApply\\": undefined,
+       \\"usePMHalfDayLeave\\": undefined,
+       \\"usePatternApply\\": undefined,
+       \\"usePeriodInSubstituteLeave\\": undefined,
+       \\"useSubstituteLeave\\": undefined,
+       \\"useTimeLeaveRange\\": undefined,
+       \\"validDateFrom\\": \\"2020-01-01\\",
+       \\"validDateTo\\": undefined,
+       \\"weeklyDayTypeFRI\\": undefined,
+       \\"weeklyDayTypeMON\\": undefined,
+       \\"weeklyDayTypeSAT\\": undefined,
+       \\"weeklyDayTypeSUN\\": undefined,
+       \\"weeklyDayTypeTHU\\": undefined,
+       \\"weeklyDayTypeTUE\\": undefined,
+       \\"weeklyDayTypeWED\\": undefined,
+     },
+     \\"type\\": \\"SET_EDIT_RECORD_HISTORY\\",
+   },
+   Object {
+     \\"payload\\": true,
+     \\"type\\": \\"MODULES/BASE/DETAIL_PANE/UI/SHOW_DETAIL_PANE\\",
+   },
+   Object {
+     \\"payload\\": \\"clone\\",
+     \\"type\\": \\"MODULES/BASE/DETAIL_PANE/UI/SET_MODE_BASE\\",
+   },
+   Object {
+     \\"payload\\": \\"clone\\",
+     \\"type\\": \\"MODULES/HISTORY/DETAIL_PANE/UI/SET_MODE_HISTORY\\",
+   },
+ ]"
`;
